
> sap@0.0.0 build
> vite build

vite v7.3.2 building client environment for production...
transforming...
✓ 976 modules transformed.
Generated an empty chunk: "react-vendor".
rendering chunks...
[plugin vite:reporter] 
(!) /home/sadmin/sap/node_modules/jspdf/dist/jspdf.es.min.js is dynamically imported by /home/sadmin/sap/src/features/pdf/structuredPdf.js but also statically imported by /home/sadmin/sap/src/app/pages/InvestigationWorkspaceV2.jsx, dynamic import will not move module into another chunk.

computing gzip size...
dist/index.html                                      0.70 kB │ gzip:   0.37 kB
dist/assets/ToolComparer-CFfvbJjp.css                2.88 kB │ gzip:   1.00 kB
dist/assets/ToolEvidenceSpecialist-bzYPbP6h.css      4.86 kB │ gzip:   1.57 kB
dist/assets/ToolComparerClean-XSREM5uc.css          20.05 kB │ gzip:   4.70 kB
dist/assets/index-B_gvOch2.css                      84.69 kB │ gzip:  16.11 kB
dist/assets/react-vendor-l0sNRNKZ.js                 0.00 kB │ gzip:   0.02 kB
dist/assets/ToolEvidenceSpecialist-BbaRBYpt.js       6.19 kB │ gzip:   2.75 kB
dist/assets/ToolSt03nImpactV2-C_0wo9Bl.js           10.40 kB │ gzip:   4.34 kB
dist/assets/ToolLogEvidenceV2-C1LtCKuH.js           11.06 kB │ gzip:   4.33 kB
dist/assets/ToolComparerClean-BpulrE6k.js           11.49 kB │ gzip:   4.46 kB
dist/assets/purify.es-21m173o_.js                   22.71 kB │ gzip:   8.72 kB
dist/assets/index.es-D51PvRMf.js                   158.83 kB │ gzip:  53.04 kB
dist/assets/html2canvas.esm-DXEQVQnt.js            201.04 kB │ gzip:  47.43 kB
dist/assets/recharts-DfFWPDbw.js                   415.91 kB │ gzip: 121.63 kB
dist/assets/index-kV-O8Lgs.js                    1,050.61 kB │ gzip: 343.70 kB

(!) Some chunks are larger than 800 kB after minification. Consider:
- Using dynamic import() to code-split the application
- Use build.rollupOptions.output.manualChunks to improve chunking: https://rollupjs.org/configuration-options/#output-manualchunks
- Adjust chunk size limit for this warning via build.chunkSizeWarningLimit.
✓ built in 6.24s
